*** Using Compiler 'V5.06 update 6 (build 750)', folder: 'D:\Program Files (x86)\keil_v5\Keil_v5\ARM\ARMCC\Bin'
Build target 'Demo_Lwip'
compiling demand.c...
compiling eui64.c...
compiling auth.c...
compiling ipcp.c...
compiling chap-md5.c...
compiling chap-new.c...
compiling fsm.c...
compiling ipv6cp.c...
compiling ccp.c...
compiling chap_ms.c...
compiling eap.c...
compiling ch9121_service.c...
compiling lwip.c...
compiling main.c...
compiling ethernetif.c...
compiling vj.c...
compiling ppp.c...
compiling magic.c...
compiling mppe.c...
compiling multilink.c...
compiling pppcrypt.c...
compiling pppos.c...
compiling bridgeif.c...
compiling pppoe.c...
compiling pppol2tp.c...
compiling utils.c...
compiling pppapi.c...
compiling lcp.c...
compiling upap.c...
compiling bridgeif_fdb.c...
compiling ecp.c...
compiling zepif.c...
compiling sockets.c...
compiling if_api.c...
compiling lowpan6.c...
compiling api_lib.c...
compiling api_msg.c...
compiling lowpan6_ble.c...
compiling lowpan6_common.c...
compiling ethernet.c...
compiling netifapi.c...
compiling err.c...
compiling netbuf.c...
compiling netdb.c...
compiling slipif.c...
compiling dns.c...
compiling altcp.c...
compiling stats.c...
compiling raw.c...
compiling tcpip.c...
compiling altcp_alloc.c...
compiling altcp_tcp.c...
compiling inet_chksum.c...
compiling def.c...
compiling pbuf.c...
compiling init.c...
compiling memp.c...
compiling netif.c...
compiling ip.c...
compiling mem.c...
compiling etharp.c...
compiling ip4_frag.c...
compiling igmp.c...
compiling ip4_addr.c...
compiling ip4.c...
compiling autoip.c...
compiling sys.c...
compiling dhcp.c...
compiling timeouts.c...
compiling tcp.c...
compiling icmp.c...
compiling tcp_in.c...
compiling tcp_out.c...
compiling udp.c...
compiling acd.c...
compiling inet6.c...
compiling ip6.c...
compiling icmp6.c...
compiling ip6_addr.c...
compiling nd6.c...
compiling ethip6.c...
compiling mld6.c...
compiling ip6_frag.c...
compiling dhcp6.c...
compiling mqtt.c...
linking...
Program Size: Code=52472 RO-data=1412 RW-data=13120 ZI-data=19216  
FromELF: creating hex file...
"Demo_Lwip\Demo_Lwip.axf" - 0 Error(s), 0 Warning(s).
Build Time Elapsed:  00:00:52
